[2025-12-14 21:08:08] SCRIPT_INIT START - Starting check_sync - Check ghostnet node synchronization (max lag: 2)
[2025-12-14 21:08:08] SCRIPT_INIT INFO - Log file: logs/check_sync_2025-12-14.log
[2025-12-14 21:08:08] SCRIPT_INIT INFO - Working directory: /Users/admin/tezos-baker
[2025-12-14 21:08:08] SCRIPT_INIT INFO - User: admin
[2025-12-14 21:08:08] SCRIPT_INIT INFO - Arguments: Check ghostnet node synchronization (max lag: 2)
[2025-12-14 21:08:08] SYSTEM_INFO INFO - OS: Darwin 24.6.0
[2025-12-14 21:08:08] SYSTEM_INFO INFO - Docker: Docker version 28.3.3, build 980b856
[2025-12-14 21:08:09] SYSTEM_INFO INFO - Docker Compose: Docker Compose version 2.39.2
[2025-12-14 21:08:09] SYSTEM_INFO INFO - Available disk space: 840Gi
[2025-12-14 21:08:09] SYSTEM_INFO INFO - Memory: N/A
[2025-12-14 21:08:09] VALIDATION START - Validating input parameters
[2025-12-14 21:08:09] VALIDATION SUCCESS - Network 'ghostnet' is valid
[2025-12-14 21:08:09] VALIDATION SUCCESS - Maximum acceptable lag: 2 blocks
[2025-12-14 21:08:09] PREREQUISITES START - Checking required tools
[2025-12-14 21:08:09] PREREQUISITES SUCCESS - All required commands available: docker curl jq
[2025-12-14 21:08:09] PREREQUISITES ERROR - Container 'tezos-node' is not running
[2025-12-14 21:08:09] PREREQUISITES INFO - Start the node with: docker compose -f docker/compose.ghostnet.yml up -d
[2025-12-14 21:08:09] SCRIPT_INIT ERROR - check_sync failed with exit code 1
[2025-12-14 21:09:35] SCRIPT_INIT START - Starting check_sync - Check ghostnet node synchronization (max lag: 2)
[2025-12-14 21:09:35] SCRIPT_INIT INFO - Log file: logs/check_sync_2025-12-14.log
[2025-12-14 21:09:35] SCRIPT_INIT INFO - Working directory: /Users/admin/tezos-baker
[2025-12-14 21:09:35] SCRIPT_INIT INFO - User: admin
[2025-12-14 21:09:35] SCRIPT_INIT INFO - Arguments: Check ghostnet node synchronization (max lag: 2)
[2025-12-14 21:09:35] SYSTEM_INFO INFO - OS: Darwin 24.6.0
[2025-12-14 21:09:35] SYSTEM_INFO INFO - Docker: Docker version 28.3.3, build 980b856
[2025-12-14 21:09:35] SYSTEM_INFO INFO - Docker Compose: Docker Compose version 2.39.2
[2025-12-14 21:09:35] SYSTEM_INFO INFO - Available disk space: 840Gi
[2025-12-14 21:09:35] SYSTEM_INFO INFO - Memory: N/A
[2025-12-14 21:09:35] VALIDATION START - Validating input parameters
[2025-12-14 21:09:35] VALIDATION SUCCESS - Network 'ghostnet' is valid
[2025-12-14 21:09:35] VALIDATION SUCCESS - Maximum acceptable lag: 2 blocks
[2025-12-14 21:09:35] PREREQUISITES START - Checking required tools
[2025-12-14 21:09:35] PREREQUISITES SUCCESS - All required commands available: docker curl jq
[2025-12-14 21:09:35] PREREQUISITES ERROR - Container 'tezos-node' is not running
[2025-12-14 21:09:35] PREREQUISITES INFO - Start the node with: docker compose -f docker/compose.ghostnet.yml up -d
[2025-12-14 21:09:35] SCRIPT_INIT ERROR - check_sync failed with exit code 1
[2025-12-14 21:10:01] SCRIPT_INIT START - Starting check_sync - Check ghostnet node synchronization (max lag: 2)
[2025-12-14 21:10:01] SCRIPT_INIT INFO - Log file: logs/check_sync_2025-12-14.log
[2025-12-14 21:10:01] SCRIPT_INIT INFO - Working directory: /Users/admin/tezos-baker
[2025-12-14 21:10:01] SCRIPT_INIT INFO - User: admin
[2025-12-14 21:10:01] SCRIPT_INIT INFO - Arguments: Check ghostnet node synchronization (max lag: 2)
[2025-12-14 21:10:01] SYSTEM_INFO INFO - OS: Darwin 24.6.0
[2025-12-14 21:10:01] SYSTEM_INFO INFO - Docker: Docker version 28.3.3, build 980b856
[2025-12-14 21:10:01] SYSTEM_INFO INFO - Docker Compose: Docker Compose version 2.39.2
[2025-12-14 21:10:01] SYSTEM_INFO INFO - Available disk space: 840Gi
[2025-12-14 21:10:01] SYSTEM_INFO INFO - Memory: N/A
[2025-12-14 21:10:01] VALIDATION START - Validating input parameters
[2025-12-14 21:10:01] VALIDATION SUCCESS - Network 'ghostnet' is valid
[2025-12-14 21:10:01] VALIDATION SUCCESS - Maximum acceptable lag: 2 blocks
[2025-12-14 21:10:01] PREREQUISITES START - Checking required tools
[2025-12-14 21:10:01] PREREQUISITES SUCCESS - All required commands available: docker curl jq
[2025-12-14 21:10:01] PREREQUISITES ERROR - Container 'tezos-node' is not running
[2025-12-14 21:10:01] PREREQUISITES INFO - Start the node with: docker compose -f docker/compose.ghostnet.yml up -d
[2025-12-14 21:10:01] SCRIPT_INIT ERROR - check_sync failed with exit code 1
[2025-12-14 21:11:48] SCRIPT_INIT START - Starting check_sync - Check ghostnet node synchronization (max lag: 2)
[2025-12-14 21:11:48] SCRIPT_INIT INFO - Log file: logs/check_sync_2025-12-14.log
[2025-12-14 21:11:48] SCRIPT_INIT INFO - Working directory: /Users/admin/tezos-baker
[2025-12-14 21:11:48] SCRIPT_INIT INFO - User: admin
[2025-12-14 21:11:48] SCRIPT_INIT INFO - Arguments: Check ghostnet node synchronization (max lag: 2)
[2025-12-14 21:11:48] SYSTEM_INFO INFO - OS: Darwin 24.6.0
[2025-12-14 21:11:48] SYSTEM_INFO INFO - Docker: Docker version 28.3.3, build 980b856
[2025-12-14 21:11:48] SYSTEM_INFO INFO - Docker Compose: Docker Compose version 2.39.2
[2025-12-14 21:11:48] SYSTEM_INFO INFO - Available disk space: 840Gi
[2025-12-14 21:11:48] SYSTEM_INFO INFO - Memory: N/A
[2025-12-14 21:11:48] VALIDATION START - Validating input parameters
[2025-12-14 21:11:48] VALIDATION SUCCESS - Network 'ghostnet' is valid
[2025-12-14 21:11:48] VALIDATION SUCCESS - Maximum acceptable lag: 2 blocks
[2025-12-14 21:11:48] PREREQUISITES START - Checking required tools
[2025-12-14 21:11:48] PREREQUISITES SUCCESS - All required commands available: docker curl jq
[2025-12-14 21:11:48] PREREQUISITES ERROR - Container 'tezos-node' is not running
[2025-12-14 21:11:48] PREREQUISITES INFO - Start the node with: docker compose -f docker/compose.ghostnet.yml up -d
[2025-12-14 21:11:48] SCRIPT_INIT ERROR - check_sync failed with exit code 1
[2025-12-14 21:12:04] SCRIPT_INIT START - Starting check_sync - Check ghostnet node synchronization (max lag: 2)
[2025-12-14 21:12:04] SCRIPT_INIT INFO - Log file: logs/check_sync_2025-12-14.log
[2025-12-14 21:12:04] SCRIPT_INIT INFO - Working directory: /Users/admin/tezos-baker
[2025-12-14 21:12:04] SCRIPT_INIT INFO - User: admin
[2025-12-14 21:12:04] SCRIPT_INIT INFO - Arguments: Check ghostnet node synchronization (max lag: 2)
[2025-12-14 21:12:04] SYSTEM_INFO INFO - OS: Darwin 24.6.0
[2025-12-14 21:12:04] SYSTEM_INFO INFO - Docker: Docker version 28.3.3, build 980b856
[2025-12-14 21:12:04] SYSTEM_INFO INFO - Docker Compose: Docker Compose version 2.39.2
[2025-12-14 21:12:04] SYSTEM_INFO INFO - Available disk space: 840Gi
[2025-12-14 21:12:04] SYSTEM_INFO INFO - Memory: N/A
[2025-12-14 21:12:04] VALIDATION START - Validating input parameters
[2025-12-14 21:12:04] VALIDATION SUCCESS - Network 'ghostnet' is valid
[2025-12-14 21:12:04] VALIDATION SUCCESS - Maximum acceptable lag: 2 blocks
[2025-12-14 21:12:04] PREREQUISITES START - Checking required tools
[2025-12-14 21:12:04] PREREQUISITES SUCCESS - All required commands available: docker curl jq
[2025-12-14 21:12:04] PREREQUISITES ERROR - Container 'tezos-node' is not running
[2025-12-14 21:12:04] PREREQUISITES INFO - Start the node with: docker compose -f docker/compose.ghostnet.yml up -d
[2025-12-14 21:12:04] SCRIPT_INIT ERROR - check_sync failed with exit code 1
[2025-12-14 21:14:10] SCRIPT_INIT START - Starting check_sync - Check ghostnet node synchronization (max lag: 2)
[2025-12-14 21:14:10] SCRIPT_INIT INFO - Log file: logs/check_sync_2025-12-14.log
[2025-12-14 21:14:10] SCRIPT_INIT INFO - Working directory: /Users/admin/tezos-baker
[2025-12-14 21:14:10] SCRIPT_INIT INFO - User: admin
[2025-12-14 21:14:10] SCRIPT_INIT INFO - Arguments: Check ghostnet node synchronization (max lag: 2)
[2025-12-14 21:14:10] SYSTEM_INFO INFO - OS: Darwin 24.6.0
[2025-12-14 21:14:10] SYSTEM_INFO INFO - Docker: Docker version 28.3.3, build 980b856
[2025-12-14 21:14:10] SYSTEM_INFO INFO - Docker Compose: Docker Compose version 2.39.2
[2025-12-14 21:14:10] SYSTEM_INFO INFO - Available disk space: 840Gi
[2025-12-14 21:14:10] SYSTEM_INFO INFO - Memory: N/A
[2025-12-14 21:14:10] VALIDATION START - Validating input parameters
[2025-12-14 21:14:10] VALIDATION SUCCESS - Network 'ghostnet' is valid
[2025-12-14 21:14:10] VALIDATION SUCCESS - Maximum acceptable lag: 2 blocks
[2025-12-14 21:14:10] PREREQUISITES START - Checking required tools
[2025-12-14 21:14:10] PREREQUISITES SUCCESS - All required commands available: docker curl jq
[2025-12-14 21:14:10] PREREQUISITES ERROR - Container 'tezos-node' is not running
[2025-12-14 21:14:10] PREREQUISITES INFO - Start the node with: docker compose -f docker/compose.ghostnet.yml up -d
[2025-12-14 21:14:10] SCRIPT_INIT ERROR - check_sync failed with exit code 1
[2025-12-14 21:14:32] SCRIPT_INIT START - Starting check_sync - Check ghostnet node synchronization (max lag: 2)
[2025-12-14 21:14:32] SCRIPT_INIT INFO - Log file: logs/check_sync_2025-12-14.log
[2025-12-14 21:14:32] SCRIPT_INIT INFO - Working directory: /Users/admin/tezos-baker
[2025-12-14 21:14:32] SCRIPT_INIT INFO - User: admin
[2025-12-14 21:14:32] SCRIPT_INIT INFO - Arguments: Check ghostnet node synchronization (max lag: 2)
[2025-12-14 21:14:32] SYSTEM_INFO INFO - OS: Darwin 24.6.0
[2025-12-14 21:14:32] SYSTEM_INFO INFO - Docker: Docker version 28.3.3, build 980b856
[2025-12-14 21:14:33] SYSTEM_INFO INFO - Docker Compose: Docker Compose version 2.39.2
[2025-12-14 21:14:33] SYSTEM_INFO INFO - Available disk space: 840Gi
[2025-12-14 21:14:33] SYSTEM_INFO INFO - Memory: N/A
[2025-12-14 21:14:33] VALIDATION START - Validating input parameters
[2025-12-14 21:14:33] VALIDATION SUCCESS - Network 'ghostnet' is valid
[2025-12-14 21:14:33] VALIDATION SUCCESS - Maximum acceptable lag: 2 blocks
[2025-12-14 21:14:33] PREREQUISITES START - Checking required tools
[2025-12-14 21:14:33] PREREQUISITES SUCCESS - All required commands available: docker curl jq
[2025-12-14 21:14:33] PREREQUISITES ERROR - Container 'tezos-node' is not running
[2025-12-14 21:14:33] PREREQUISITES INFO - Start the node with: docker compose -f docker/compose.ghostnet.yml up -d
[2025-12-14 21:14:33] SCRIPT_INIT ERROR - check_sync failed with exit code 1
